2017-10-21 17:48:15,165 root INFO Test execution started: project.add_test_inside_directory
2017-10-21 17:48:15,166 root INFO Browser: chrome
2017-10-21 17:48:15,166 root INFO Environment: test
2017-10-21 17:48:15,166 root INFO Using data: 
    url: http://localhost:8000

2017-10-21 17:48:16,184 selenium.webdriver.remote.remote_connection DEBUG POST http://127.0.0.1:50146/session {"capabilities": {"firstMatch": [{}], "alwaysMatch": {"browserName": "chrome", "platformName": "any"}}, "desiredCapabilities": {"browserName": "chrome", "version": "", "platform": "ANY", "chromeOptions": {"extensions": [], "args": []}}}
2017-10-21 17:48:16,666 selenium.webdriver.remote.remote_connection DEBUG Finished Request
2017-10-21 17:48:16,666 selenium.webdriver.remote.remote_connection DEBUG POST http://127.0.0.1:50146/session/977b8e4297c3f42070148e46baabe0a2/window/current/maximize {"windowHandle": "current", "sessionId": "977b8e4297c3f42070148e46baabe0a2"}
2017-10-21 17:48:16,903 selenium.webdriver.remote.remote_connection DEBUG Finished Request
2017-10-21 17:48:16,904 selenium.webdriver.remote.remote_connection DEBUG POST http://127.0.0.1:50146/session/977b8e4297c3f42070148e46baabe0a2/url {"url": "http://localhost:8000", "sessionId": "977b8e4297c3f42070148e46baabe0a2"}
2017-10-21 17:48:17,558 selenium.webdriver.remote.remote_connection DEBUG Finished Request
2017-10-21 17:48:17,558 root INFO Navigate to: 'http://localhost:8000'
2017-10-21 17:48:17,559 selenium.webdriver.remote.remote_connection DEBUG POST http://127.0.0.1:50146/session/977b8e4297c3f42070148e46baabe0a2/element {"using": "id", "value": "username", "sessionId": "977b8e4297c3f42070148e46baabe0a2"}
2017-10-21 17:48:17,585 selenium.webdriver.remote.remote_connection DEBUG Finished Request
2017-10-21 17:48:17,586 root DEBUG Element found
2017-10-21 17:48:17,586 selenium.webdriver.remote.remote_connection DEBUG GET http://127.0.0.1:50146/session/977b8e4297c3f42070148e46baabe0a2/element/0.3540228345870089-1/displayed {"id": "0.3540228345870089-1", "sessionId": "977b8e4297c3f42070148e46baabe0a2"}
2017-10-21 17:48:17,602 selenium.webdriver.remote.remote_connection DEBUG Finished Request
2017-10-21 17:48:17,602 selenium.webdriver.remote.remote_connection DEBUG GET http://127.0.0.1:50146/session/977b8e4297c3f42070148e46baabe0a2/element/0.3540228345870089-1/displayed {"id": "0.3540228345870089-1", "sessionId": "977b8e4297c3f42070148e46baabe0a2"}
2017-10-21 17:48:17,607 selenium.webdriver.remote.remote_connection DEBUG Finished Request
2017-10-21 17:48:17,608 selenium.webdriver.remote.remote_connection DEBUG POST http://127.0.0.1:50146/session/977b8e4297c3f42070148e46baabe0a2/element/0.3540228345870089-1/value {"text": "admin", "value": ["a", "d", "m", "i", "n"], "id": "0.3540228345870089-1", "sessionId": "977b8e4297c3f42070148e46baabe0a2"}
2017-10-21 17:48:17,679 selenium.webdriver.remote.remote_connection DEBUG Finished Request
2017-10-21 17:48:17,679 root INFO Write 'admin' in element username
2017-10-21 17:48:17,680 selenium.webdriver.remote.remote_connection DEBUG POST http://127.0.0.1:50146/session/977b8e4297c3f42070148e46baabe0a2/element {"using": "id", "value": "password", "sessionId": "977b8e4297c3f42070148e46baabe0a2"}
2017-10-21 17:48:17,695 selenium.webdriver.remote.remote_connection DEBUG Finished Request
2017-10-21 17:48:17,696 root DEBUG Element found
2017-10-21 17:48:17,696 selenium.webdriver.remote.remote_connection DEBUG GET http://127.0.0.1:50146/session/977b8e4297c3f42070148e46baabe0a2/element/0.3540228345870089-2/displayed {"id": "0.3540228345870089-2", "sessionId": "977b8e4297c3f42070148e46baabe0a2"}
2017-10-21 17:48:17,714 selenium.webdriver.remote.remote_connection DEBUG Finished Request
2017-10-21 17:48:17,715 selenium.webdriver.remote.remote_connection DEBUG GET http://127.0.0.1:50146/session/977b8e4297c3f42070148e46baabe0a2/element/0.3540228345870089-2/displayed {"id": "0.3540228345870089-2", "sessionId": "977b8e4297c3f42070148e46baabe0a2"}
2017-10-21 17:48:17,723 selenium.webdriver.remote.remote_connection DEBUG Finished Request
2017-10-21 17:48:17,724 selenium.webdriver.remote.remote_connection DEBUG POST http://127.0.0.1:50146/session/977b8e4297c3f42070148e46baabe0a2/element/0.3540228345870089-2/value {"text": "admin", "value": ["a", "d", "m", "i", "n"], "id": "0.3540228345870089-2", "sessionId": "977b8e4297c3f42070148e46baabe0a2"}
2017-10-21 17:48:17,770 selenium.webdriver.remote.remote_connection DEBUG Finished Request
2017-10-21 17:48:17,770 root INFO Write 'admin' in element password
2017-10-21 17:48:17,771 selenium.webdriver.remote.remote_connection DEBUG POST http://127.0.0.1:50146/session/977b8e4297c3f42070148e46baabe0a2/element {"using": "css selector", "value": "button[type='submit']", "sessionId": "977b8e4297c3f42070148e46baabe0a2"}
2017-10-21 17:48:17,787 selenium.webdriver.remote.remote_connection DEBUG Finished Request
2017-10-21 17:48:17,788 root DEBUG Element found
2017-10-21 17:48:17,788 selenium.webdriver.remote.remote_connection DEBUG GET http://127.0.0.1:50146/session/977b8e4297c3f42070148e46baabe0a2/element/0.3540228345870089-3/displayed {"id": "0.3540228345870089-3", "sessionId": "977b8e4297c3f42070148e46baabe0a2"}
2017-10-21 17:48:17,802 selenium.webdriver.remote.remote_connection DEBUG Finished Request
2017-10-21 17:48:17,803 selenium.webdriver.remote.remote_connection DEBUG GET http://127.0.0.1:50146/session/977b8e4297c3f42070148e46baabe0a2/element/0.3540228345870089-3/displayed {"id": "0.3540228345870089-3", "sessionId": "977b8e4297c3f42070148e46baabe0a2"}
2017-10-21 17:48:17,808 selenium.webdriver.remote.remote_connection DEBUG Finished Request
2017-10-21 17:48:17,808 root INFO Click login_button
2017-10-21 17:48:17,809 selenium.webdriver.remote.remote_connection DEBUG POST http://127.0.0.1:50146/session/977b8e4297c3f42070148e46baabe0a2/element/0.3540228345870089-3/click {"id": "0.3540228345870089-3", "sessionId": "977b8e4297c3f42070148e46baabe0a2"}
2017-10-21 17:48:17,985 selenium.webdriver.remote.remote_connection DEBUG Finished Request
2017-10-21 17:48:17,986 selenium.webdriver.remote.remote_connection DEBUG POST http://127.0.0.1:50146/session/977b8e4297c3f42070148e46baabe0a2/elements {"using": "css selector", "value": "#projectList>a", "sessionId": "977b8e4297c3f42070148e46baabe0a2"}
2017-10-21 17:48:18,001 selenium.webdriver.remote.remote_connection DEBUG Finished Request
2017-10-21 17:48:18,002 selenium.webdriver.remote.remote_connection DEBUG GET http://127.0.0.1:50146/session/977b8e4297c3f42070148e46baabe0a2/element/0.46282258180576696-1/text {"id": "0.46282258180576696-1", "sessionId": "977b8e4297c3f42070148e46baabe0a2"}
2017-10-21 17:48:18,021 selenium.webdriver.remote.remote_connection DEBUG Finished Request
2017-10-21 17:48:18,021 selenium.webdriver.remote.remote_connection DEBUG GET http://127.0.0.1:50146/session/977b8e4297c3f42070148e46baabe0a2/element/0.46282258180576696-2/text {"id": "0.46282258180576696-2", "sessionId": "977b8e4297c3f42070148e46baabe0a2"}
2017-10-21 17:48:18,038 selenium.webdriver.remote.remote_connection DEBUG Finished Request
2017-10-21 17:48:18,038 selenium.webdriver.remote.remote_connection DEBUG GET http://127.0.0.1:50146/session/977b8e4297c3f42070148e46baabe0a2/element/0.46282258180576696-3/text {"id": "0.46282258180576696-3", "sessionId": "977b8e4297c3f42070148e46baabe0a2"}
2017-10-21 17:48:18,057 selenium.webdriver.remote.remote_connection DEBUG Finished Request
2017-10-21 17:48:18,058 selenium.webdriver.remote.remote_connection DEBUG GET http://127.0.0.1:50146/session/977b8e4297c3f42070148e46baabe0a2/element/0.46282258180576696-4/text {"id": "0.46282258180576696-4", "sessionId": "977b8e4297c3f42070148e46baabe0a2"}
2017-10-21 17:48:18,075 selenium.webdriver.remote.remote_connection DEBUG Finished Request
2017-10-21 17:48:18,076 selenium.webdriver.remote.remote_connection DEBUG GET http://127.0.0.1:50146/session/977b8e4297c3f42070148e46baabe0a2/element/0.46282258180576696-5/text {"id": "0.46282258180576696-5", "sessionId": "977b8e4297c3f42070148e46baabe0a2"}
2017-10-21 17:48:18,093 selenium.webdriver.remote.remote_connection DEBUG Finished Request
2017-10-21 17:48:18,093 selenium.webdriver.remote.remote_connection DEBUG GET http://127.0.0.1:50146/session/977b8e4297c3f42070148e46baabe0a2/element/0.46282258180576696-6/text {"id": "0.46282258180576696-6", "sessionId": "977b8e4297c3f42070148e46baabe0a2"}
2017-10-21 17:48:18,110 selenium.webdriver.remote.remote_connection DEBUG Finished Request
2017-10-21 17:48:18,110 selenium.webdriver.remote.remote_connection DEBUG GET http://127.0.0.1:50146/session/977b8e4297c3f42070148e46baabe0a2/element/0.46282258180576696-7/text {"id": "0.46282258180576696-7", "sessionId": "977b8e4297c3f42070148e46baabe0a2"}
2017-10-21 17:48:18,128 selenium.webdriver.remote.remote_connection DEBUG Finished Request
2017-10-21 17:48:18,129 selenium.webdriver.remote.remote_connection DEBUG GET http://127.0.0.1:50146/session/977b8e4297c3f42070148e46baabe0a2/element/0.46282258180576696-8/text {"id": "0.46282258180576696-8", "sessionId": "977b8e4297c3f42070148e46baabe0a2"}
2017-10-21 17:48:18,146 selenium.webdriver.remote.remote_connection DEBUG Finished Request
2017-10-21 17:48:18,146 selenium.webdriver.remote.remote_connection DEBUG GET http://127.0.0.1:50146/session/977b8e4297c3f42070148e46baabe0a2/element/0.46282258180576696-9/text {"id": "0.46282258180576696-9", "sessionId": "977b8e4297c3f42070148e46baabe0a2"}
2017-10-21 17:48:18,166 selenium.webdriver.remote.remote_connection DEBUG Finished Request
2017-10-21 17:48:18,166 selenium.webdriver.remote.remote_connection DEBUG POST http://127.0.0.1:50146/session/977b8e4297c3f42070148e46baabe0a2/elements {"using": "css selector", "value": "#projectList>a", "sessionId": "977b8e4297c3f42070148e46baabe0a2"}
2017-10-21 17:48:18,173 selenium.webdriver.remote.remote_connection DEBUG Finished Request
2017-10-21 17:48:18,174 selenium.webdriver.remote.remote_connection DEBUG GET http://127.0.0.1:50146/session/977b8e4297c3f42070148e46baabe0a2/element/0.46282258180576696-1/text {"id": "0.46282258180576696-1", "sessionId": "977b8e4297c3f42070148e46baabe0a2"}
2017-10-21 17:48:18,180 selenium.webdriver.remote.remote_connection DEBUG Finished Request
2017-10-21 17:48:18,181 selenium.webdriver.remote.remote_connection DEBUG GET http://127.0.0.1:50146/session/977b8e4297c3f42070148e46baabe0a2/element/0.46282258180576696-2/text {"id": "0.46282258180576696-2", "sessionId": "977b8e4297c3f42070148e46baabe0a2"}
2017-10-21 17:48:18,186 selenium.webdriver.remote.remote_connection DEBUG Finished Request
2017-10-21 17:48:18,186 selenium.webdriver.remote.remote_connection DEBUG GET http://127.0.0.1:50146/session/977b8e4297c3f42070148e46baabe0a2/element/0.46282258180576696-3/text {"id": "0.46282258180576696-3", "sessionId": "977b8e4297c3f42070148e46baabe0a2"}
2017-10-21 17:48:18,192 selenium.webdriver.remote.remote_connection DEBUG Finished Request
2017-10-21 17:48:18,192 selenium.webdriver.remote.remote_connection DEBUG GET http://127.0.0.1:50146/session/977b8e4297c3f42070148e46baabe0a2/element/0.46282258180576696-4/text {"id": "0.46282258180576696-4", "sessionId": "977b8e4297c3f42070148e46baabe0a2"}
2017-10-21 17:48:18,198 selenium.webdriver.remote.remote_connection DEBUG Finished Request
2017-10-21 17:48:18,198 selenium.webdriver.remote.remote_connection DEBUG GET http://127.0.0.1:50146/session/977b8e4297c3f42070148e46baabe0a2/element/0.46282258180576696-5/text {"id": "0.46282258180576696-5", "sessionId": "977b8e4297c3f42070148e46baabe0a2"}
2017-10-21 17:48:18,205 selenium.webdriver.remote.remote_connection DEBUG Finished Request
2017-10-21 17:48:18,205 selenium.webdriver.remote.remote_connection DEBUG GET http://127.0.0.1:50146/session/977b8e4297c3f42070148e46baabe0a2/element/0.46282258180576696-6/text {"id": "0.46282258180576696-6", "sessionId": "977b8e4297c3f42070148e46baabe0a2"}
2017-10-21 17:48:18,211 selenium.webdriver.remote.remote_connection DEBUG Finished Request
2017-10-21 17:48:18,212 selenium.webdriver.remote.remote_connection DEBUG GET http://127.0.0.1:50146/session/977b8e4297c3f42070148e46baabe0a2/element/0.46282258180576696-7/text {"id": "0.46282258180576696-7", "sessionId": "977b8e4297c3f42070148e46baabe0a2"}
2017-10-21 17:48:18,218 selenium.webdriver.remote.remote_connection DEBUG Finished Request
2017-10-21 17:48:18,218 selenium.webdriver.remote.remote_connection DEBUG GET http://127.0.0.1:50146/session/977b8e4297c3f42070148e46baabe0a2/element/0.46282258180576696-8/text {"id": "0.46282258180576696-8", "sessionId": "977b8e4297c3f42070148e46baabe0a2"}
2017-10-21 17:48:18,224 selenium.webdriver.remote.remote_connection DEBUG Finished Request
2017-10-21 17:48:18,224 selenium.webdriver.remote.remote_connection DEBUG POST http://127.0.0.1:50146/session/977b8e4297c3f42070148e46baabe0a2/element/0.46282258180576696-8/click {"id": "0.46282258180576696-8", "sessionId": "977b8e4297c3f42070148e46baabe0a2"}
2017-10-21 17:48:18,357 selenium.webdriver.remote.remote_connection DEBUG Finished Request
2017-10-21 17:48:18,357 root INFO Random value generated: one/ftnji
2017-10-21 17:48:18,358 root INFO Store value one/ftnji in key page_name
2017-10-21 17:48:18,358 selenium.webdriver.remote.remote_connection DEBUG POST http://127.0.0.1:50146/session/977b8e4297c3f42070148e46baabe0a2/element {"using": "id", "value": "testCasesTree", "sessionId": "977b8e4297c3f42070148e46baabe0a2"}
2017-10-21 17:48:18,381 selenium.webdriver.remote.remote_connection DEBUG Finished Request
2017-10-21 17:48:18,381 root DEBUG Element found
2017-10-21 17:48:18,381 selenium.webdriver.remote.remote_connection DEBUG GET http://127.0.0.1:50146/session/977b8e4297c3f42070148e46baabe0a2/element/0.5454118078765668-1/displayed {"id": "0.5454118078765668-1", "sessionId": "977b8e4297c3f42070148e46baabe0a2"}
2017-10-21 17:48:18,396 selenium.webdriver.remote.remote_connection DEBUG Finished Request
2017-10-21 17:48:18,397 selenium.webdriver.remote.remote_connection DEBUG GET http://127.0.0.1:50146/session/977b8e4297c3f42070148e46baabe0a2/element/0.5454118078765668-1/displayed {"id": "0.5454118078765668-1", "sessionId": "977b8e4297c3f42070148e46baabe0a2"}
2017-10-21 17:48:18,402 selenium.webdriver.remote.remote_connection DEBUG Finished Request
2017-10-21 17:48:18,402 selenium.webdriver.remote.remote_connection DEBUG POST http://127.0.0.1:50146/session/977b8e4297c3f42070148e46baabe0a2/element/0.5454118078765668-1/element {"using": "css selector", "value": "li.tree-element[fullpath='one']", "id": "0.5454118078765668-1", "sessionId": "977b8e4297c3f42070148e46baabe0a2"}
2017-10-21 17:48:18,418 selenium.webdriver.remote.remote_connection DEBUG Finished Request
2017-10-21 17:48:18,919 root DEBUG Element not found yet, remaining time: 0.4830813407897949
2017-10-21 17:48:18,920 selenium.webdriver.remote.remote_connection DEBUG POST http://127.0.0.1:50146/session/977b8e4297c3f42070148e46baabe0a2/element/0.5454118078765668-1/element {"using": "css selector", "value": "li.tree-element[fullpath='one']", "id": "0.5454118078765668-1", "sessionId": "977b8e4297c3f42070148e46baabe0a2"}
2017-10-21 17:48:18,926 selenium.webdriver.remote.remote_connection DEBUG Finished Request
2017-10-21 17:48:19,431 root INFO Take screenshot error
2017-10-21 17:48:19,431 selenium.webdriver.remote.remote_connection DEBUG GET http://127.0.0.1:50146/session/977b8e4297c3f42070148e46baabe0a2/screenshot {"sessionId": "977b8e4297c3f42070148e46baabe0a2"}
2017-10-21 17:48:20,194 selenium.webdriver.remote.remote_connection DEBUG Finished Request
2017-10-21 17:48:20,195 root ERROR An error ocurred:
Traceback (most recent call last):
  File "/Users/lucianofeo/Desktop/golem/src/golem/browser.py", line 21, in _find_webelement
    webelement = root.find_element_by_css_selector(selector_value)
  File "/Users/lucianofeo/Desktop/golem/env/lib/python3.6/site-packages/selenium-3.6.0-py3.6.egg/selenium/webdriver/remote/webelement.py", line 310, in find_element_by_css_selector
    return self.find_element(by=By.CSS_SELECTOR, value=css_selector)
  File "/Users/lucianofeo/Desktop/golem/env/lib/python3.6/site-packages/selenium-3.6.0-py3.6.egg/selenium/webdriver/remote/webelement.py", line 518, in find_element
    {"using": by, "value": value})['value']
  File "/Users/lucianofeo/Desktop/golem/env/lib/python3.6/site-packages/selenium-3.6.0-py3.6.egg/selenium/webdriver/remote/webelement.py", line 501, in _execute
    return self._parent.execute(command, params)
  File "/Users/lucianofeo/Desktop/golem/env/lib/python3.6/site-packages/selenium-3.6.0-py3.6.egg/selenium/webdriver/remote/webdriver.py", line 308, in execute
    self.error_handler.check_response(response)
  File "/Users/lucianofeo/Desktop/golem/env/lib/python3.6/site-packages/selenium-3.6.0-py3.6.egg/selenium/webdriver/remote/errorhandler.py", line 194, in check_response
    raise exception_class(message, screen, stacktrace)
selenium.common.exceptions.NoSuchElementException: Message: no such element: Unable to locate element: {"method":"css selector","selector":"li.tree-element[fullpath='one']"}
  (Session info: chrome=61.0.3163.100)
  (Driver info: chromedriver=2.32.498537 (cb2f855cbc7b82e20387eaf9a43f6b99b6105061),platform=Mac OS X 10.12.5 x86_64)


During handling of the above exception, another exception occurred:

Traceback (most recent call last):
  File "/Users/lucianofeo/Desktop/golem/src/golem/browser.py", line 21, in _find_webelement
    webelement = root.find_element_by_css_selector(selector_value)
  File "/Users/lucianofeo/Desktop/golem/env/lib/python3.6/site-packages/selenium-3.6.0-py3.6.egg/selenium/webdriver/remote/webelement.py", line 310, in find_element_by_css_selector
    return self.find_element(by=By.CSS_SELECTOR, value=css_selector)
  File "/Users/lucianofeo/Desktop/golem/env/lib/python3.6/site-packages/selenium-3.6.0-py3.6.egg/selenium/webdriver/remote/webelement.py", line 518, in find_element
    {"using": by, "value": value})['value']
  File "/Users/lucianofeo/Desktop/golem/env/lib/python3.6/site-packages/selenium-3.6.0-py3.6.egg/selenium/webdriver/remote/webelement.py", line 501, in _execute
    return self._parent.execute(command, params)
  File "/Users/lucianofeo/Desktop/golem/env/lib/python3.6/site-packages/selenium-3.6.0-py3.6.egg/selenium/webdriver/remote/webdriver.py", line 308, in execute
    self.error_handler.check_response(response)
  File "/Users/lucianofeo/Desktop/golem/env/lib/python3.6/site-packages/selenium-3.6.0-py3.6.egg/selenium/webdriver/remote/errorhandler.py", line 194, in check_response
    raise exception_class(message, screen, stacktrace)
selenium.common.exceptions.NoSuchElementException: Message: no such element: Unable to locate element: {"method":"css selector","selector":"li.tree-element[fullpath='one']"}
  (Session info: chrome=61.0.3163.100)
  (Driver info: chromedriver=2.32.498537 (cb2f855cbc7b82e20387eaf9a43f6b99b6105061),platform=Mac OS X 10.12.5 x86_64)


During handling of the above exception, another exception occurred:

Traceback (most recent call last):
  File "/Users/lucianofeo/Desktop/golem/example/projects/golem/pages/project.py", line 111, in verify_test_exists
    tree_element = test_tree_ul.find(test_selector, timeout=1)
  File "/Users/lucianofeo/Desktop/golem/src/golem/browser.py", line 114, in _find
    element_name, timeout)
  File "/Users/lucianofeo/Desktop/golem/src/golem/browser.py", line 45, in _find_webelement
    element_name, remaining_time)
  File "/Users/lucianofeo/Desktop/golem/src/golem/browser.py", line 48, in _find_webelement
    .format(element_name, selector_type, selector_value))
golem.core.exceptions.ElementNotFound: Element li.tree-element[fullpath='one'] not found using selector css:'li.tree-element[fullpath='one']'

During handling of the above exception, another exception occurred:

Traceback (most recent call last):
  File "/Users/lucianofeo/Desktop/golem/example/projects/golem/pages/project.py", line 156, in add_test_directory_if_not_exists
    verify_test_exists(full_path)
  File "/Users/lucianofeo/Desktop/golem/example/projects/golem/pages/project.py", line 113, in verify_test_exists
    raise Exception('Test {} does not exist'.format(full_path))
Exception: Test one does not exist

During handling of the above exception, another exception occurred:

Traceback (most recent call last):
  File "/Users/lucianofeo/Desktop/golem/src/golem/test_runner/test_runner.py", line 114, in run_test
    test_module.test(execution.data)
  File "/Users/lucianofeo/Desktop/golem/example/projects/golem/tests/project/add_test_inside_directory.py", line 15, in test
    project.add_test_directory_if_not_exists('one')
  File "/Users/lucianofeo/Desktop/golem/example/projects/golem/pages/project.py", line 158, in add_test_directory_if_not_exists
    add_test_directory(full_path)
NameError: name 'add_test_directory' is not defined
2017-10-21 17:48:20,210 root INFO Close driver
2017-10-21 17:48:20,211 selenium.webdriver.remote.remote_connection DEBUG DELETE http://127.0.0.1:50146/session/977b8e4297c3f42070148e46baabe0a2 {"sessionId": "977b8e4297c3f42070148e46baabe0a2"}
2017-10-21 17:48:20,263 selenium.webdriver.remote.remote_connection DEBUG Finished Request
