2017-10-09 21:46:51,996 golem INFO Test execution started: project/add_page_inside_directory
2017-10-09 21:46:51,997 golem INFO Browser: chrome
2017-10-09 21:46:51,997 golem INFO Environment: test
2017-10-09 21:46:51,997 golem INFO Using data: 
    url: http://localhost:8000

2017-10-09 21:46:54,037 golem INFO Navigate to: 'http://localhost:8000'
2017-10-09 21:46:54,069 golem DEBUG Element found
2017-10-09 21:46:54,169 golem INFO Write 'admin' in element username
2017-10-09 21:46:54,189 golem DEBUG Element found
2017-10-09 21:46:54,256 golem INFO Write 'admin' in element password
2017-10-09 21:46:54,271 golem DEBUG Element found
2017-10-09 21:46:54,294 golem INFO Click login_button
2017-10-09 21:46:54,628 golem INFO Random value generated: one/lranc
2017-10-09 21:46:54,628 golem INFO Store value one/lranc in key page_name
2017-10-09 21:46:54,742 golem DEBUG Element found
2017-10-09 21:46:55,281 golem DEBUG Element not found yet, remaining time: 0.48385095596313477
2017-10-09 21:46:55,796 golem DEBUG Element found
2017-10-09 21:46:55,820 golem DEBUG Element found
2017-10-09 21:46:55,851 golem DEBUG Element found
2017-10-09 21:46:55,928 golem DEBUG Element found
2017-10-09 21:46:55,983 golem INFO Write 'one/' in element None
2017-10-09 21:46:55,984 golem INFO Press key: ENTER
2017-10-09 21:46:56,004 golem DEBUG Element found
2017-10-09 21:46:56,032 golem DEBUG Element found
2017-10-09 21:46:56,092 golem DEBUG Element found
2017-10-09 21:46:56,110 golem DEBUG Element found
2017-10-09 21:46:56,149 golem DEBUG Element found
2017-10-09 21:46:56,183 golem INFO Write 'lranc' in element None
2017-10-09 21:46:56,183 golem INFO Press key: ENTER
2017-10-09 21:46:56,201 golem DEBUG Element found
2017-10-09 21:46:56,218 golem DEBUG Element found
2017-10-09 21:46:56,790 golem DEBUG Element not found yet, remaining time: 0.48700881004333496
2017-10-09 21:46:57,299 golem INFO Take screenshot error
2017-10-09 21:46:57,911 golem ERROR An error ocurred:
Traceback (most recent call last):
  File "/Users/lucianofeo/Desktop/golem/src/golem/browser.py", line 20, in _find_webelement
    webelement = root.find_element_by_css_selector(selector_value)
  File "/Users/lucianofeo/Desktop/golem/env/lib/python3.6/site-packages/selenium-3.6.0-py3.6.egg/selenium/webdriver/remote/webelement.py", line 310, in find_element_by_css_selector
    return self.find_element(by=By.CSS_SELECTOR, value=css_selector)
  File "/Users/lucianofeo/Desktop/golem/env/lib/python3.6/site-packages/selenium-3.6.0-py3.6.egg/selenium/webdriver/remote/webelement.py", line 518, in find_element
    {"using": by, "value": value})['value']
  File "/Users/lucianofeo/Desktop/golem/env/lib/python3.6/site-packages/selenium-3.6.0-py3.6.egg/selenium/webdriver/remote/webelement.py", line 501, in _execute
    return self._parent.execute(command, params)
  File "/Users/lucianofeo/Desktop/golem/env/lib/python3.6/site-packages/selenium-3.6.0-py3.6.egg/selenium/webdriver/remote/webdriver.py", line 308, in execute
    self.error_handler.check_response(response)
  File "/Users/lucianofeo/Desktop/golem/env/lib/python3.6/site-packages/selenium-3.6.0-py3.6.egg/selenium/webdriver/remote/errorhandler.py", line 194, in check_response
    raise exception_class(message, screen, stacktrace)
selenium.common.exceptions.NoSuchElementException: Message: no such element: Unable to locate element: {"method":"css selector","selector":"li.tree-element[fullpath='one.lranc']"}
  (Session info: chrome=61.0.3163.100)
  (Driver info: chromedriver=2.32.498537 (cb2f855cbc7b82e20387eaf9a43f6b99b6105061),platform=Mac OS X 10.12.5 x86_64)


During handling of the above exception, another exception occurred:

Traceback (most recent call last):
  File "/Users/lucianofeo/Desktop/golem/src/golem/browser.py", line 20, in _find_webelement
    webelement = root.find_element_by_css_selector(selector_value)
  File "/Users/lucianofeo/Desktop/golem/env/lib/python3.6/site-packages/selenium-3.6.0-py3.6.egg/selenium/webdriver/remote/webelement.py", line 310, in find_element_by_css_selector
    return self.find_element(by=By.CSS_SELECTOR, value=css_selector)
  File "/Users/lucianofeo/Desktop/golem/env/lib/python3.6/site-packages/selenium-3.6.0-py3.6.egg/selenium/webdriver/remote/webelement.py", line 518, in find_element
    {"using": by, "value": value})['value']
  File "/Users/lucianofeo/Desktop/golem/env/lib/python3.6/site-packages/selenium-3.6.0-py3.6.egg/selenium/webdriver/remote/webelement.py", line 501, in _execute
    return self._parent.execute(command, params)
  File "/Users/lucianofeo/Desktop/golem/env/lib/python3.6/site-packages/selenium-3.6.0-py3.6.egg/selenium/webdriver/remote/webdriver.py", line 308, in execute
    self.error_handler.check_response(response)
  File "/Users/lucianofeo/Desktop/golem/env/lib/python3.6/site-packages/selenium-3.6.0-py3.6.egg/selenium/webdriver/remote/errorhandler.py", line 194, in check_response
    raise exception_class(message, screen, stacktrace)
selenium.common.exceptions.NoSuchElementException: Message: no such element: Unable to locate element: {"method":"css selector","selector":"li.tree-element[fullpath='one.lranc']"}
  (Session info: chrome=61.0.3163.100)
  (Driver info: chromedriver=2.32.498537 (cb2f855cbc7b82e20387eaf9a43f6b99b6105061),platform=Mac OS X 10.12.5 x86_64)


During handling of the above exception, another exception occurred:

Traceback (most recent call last):
  File "/Users/lucianofeo/Desktop/golem/example/projects/golem/pages/project.py", line 82, in verify_page_exists
    tree_element = pages_tree_ul.find(page_selector, timeout=1)
  File "/Users/lucianofeo/Desktop/golem/src/golem/browser.py", line 113, in _find
    element_name, timeout)
  File "/Users/lucianofeo/Desktop/golem/src/golem/browser.py", line 44, in _find_webelement
    element_name, remaining_time)
  File "/Users/lucianofeo/Desktop/golem/src/golem/browser.py", line 47, in _find_webelement
    .format(element_name, selector_type, selector_value))
golem.core.exceptions.ElementNotFound: Element li.tree-element[fullpath='one.lranc'] not found using selector css:'li.tree-element[fullpath='one.lranc']'

During handling of the above exception, another exception occurred:

Traceback (most recent call last):
  File "/Users/lucianofeo/Desktop/golem/src/golem/test_runner/test_runner.py", line 115, in run_test
    test_module.test(execution.data)
  File "/Users/lucianofeo/Desktop/golem/example/projects/golem/tests/project/add_page_inside_directory.py", line 18, in test
    project.verify_page_exists(data.page_name)
  File "/Users/lucianofeo/Desktop/golem/example/projects/golem/pages/project.py", line 84, in verify_page_exists
    raise Exception('Page {} does not exist'.format(full_path))
Exception: Page one/lranc does not exist
2017-10-09 21:46:57,912 golem INFO Close driver
